// Jest Snapshot v1, https://goo.gl/fbAQLP

exports[`ProgressBar Component should match the snapshot 1`] = `
<View
  style={
    {
      "backgroundColor": "#FFFFFF11",
      "borderRadius": 50,
      "height": 16,
      "width": "100%",
    }
  }
  testID="progress-bar"
>
  <View
    collapsable={false}
    style={
      {
        "backgroundColor": "#EE0F55",
        "borderRadius": 50,
        "height": 16,
        "width": "0%",
      }
    }
  />
</View>
`;
